// Jest Snapshot v1, https://goo.gl/fbAQLP

exports[`Pruebas de GifGridItem Debe de renderizarse el componente y hacer match con el snapshot 1`] = `
<div
  className="card animate__animated animate__fadeIn"
>
  <img
    alt="Un título"
    src="https://localhost/image.jpg"
  />
  <p>
    Un título
  </p>
</div>
`;
